[0.015s] Invoking command in '/home/mrkra/d3bouur/ros2_ws/build/d3bouur_description': CMAKE_PREFIX_PATH=${CMAKE_PREFIX_PATH}:/opt/ros/jazzy /usr/bin/cmake /home/mrkra/d3bouur/ros2_ws/src/d3bouur_description -DCMAKE_INSTALL_PREFIX=/home/mrkra/d3bouur/ros2_ws/install/d3bouur_description
[0.470s] -- The C compiler identification is GNU 13.3.0
[3.340s] -- The CXX compiler identification is GNU 13.3.0
[5.219s] -- Detecting C compiler ABI info
[6.071s] -- Detecting C compiler ABI info - done
[6.079s] -- Check for working C compiler: /usr/bin/cc - skipped
[6.080s] -- Detecting C compile features
[6.081s] -- Detecting C compile features - done
[6.283s] -- Detecting CXX compiler ABI info
[6.941s] -- Detecting CXX compiler ABI info - done
[6.949s] -- Check for working CXX compiler: /usr/bin/c++ - skipped
[6.949s] -- Detecting CXX compile features
[6.950s] -- Detecting CXX compile features - done
[6.989s] -- Found ament_cmake: 2.5.6 (/opt/ros/jazzy/share/ament_cmake/cmake)
[7.154s] -- Found Python3: /usr/bin/python3 (found version "3.12.3") found components: Interpreter 
[7.312s] -- Found ament_lint_auto: 0.17.5 (/opt/ros/jazzy/share/ament_lint_auto/cmake)
[7.436s] -- Added test 'flake8' to check Python code syntax and style conventions
[7.436s] -- Configured 'flake8' exclude dirs and/or files: 
[7.437s] -- Added test 'lint_cmake' to check CMake code style
[7.438s] -- Added test 'pep257' to check Python code against some of the docstring style conventions in PEP 257
[7.440s] -- Added test 'xmllint' to check XML markup files
[7.445s] -- Configuring done (7.4s)
[7.455s] -- Generating done (0.0s)
[7.462s] -- Build files have been written to: /home/mrkra/d3bouur/ros2_ws/build/d3bouur_description
[7.475s] Invoked command in '/home/mrkra/d3bouur/ros2_ws/build/d3bouur_description' returned '0': CMAKE_PREFIX_PATH=${CMAKE_PREFIX_PATH}:/opt/ros/jazzy /usr/bin/cmake /home/mrkra/d3bouur/ros2_ws/src/d3bouur_description -DCMAKE_INSTALL_PREFIX=/home/mrkra/d3bouur/ros2_ws/install/d3bouur_description
[7.476s] Invoking command in '/home/mrkra/d3bouur/ros2_ws/build/d3bouur_description': CMAKE_PREFIX_PATH=${CMAKE_PREFIX_PATH}:/opt/ros/jazzy /usr/bin/cmake --build /home/mrkra/d3bouur/ros2_ws/build/d3bouur_description -- -j16 -l16
[7.517s] Invoked command in '/home/mrkra/d3bouur/ros2_ws/build/d3bouur_description' returned '0': CMAKE_PREFIX_PATH=${CMAKE_PREFIX_PATH}:/opt/ros/jazzy /usr/bin/cmake --build /home/mrkra/d3bouur/ros2_ws/build/d3bouur_description -- -j16 -l16
[7.527s] Invoking command in '/home/mrkra/d3bouur/ros2_ws/build/d3bouur_description': CMAKE_PREFIX_PATH=${CMAKE_PREFIX_PATH}:/opt/ros/jazzy /usr/bin/cmake --install /home/mrkra/d3bouur/ros2_ws/build/d3bouur_description
[7.534s] -- Install configuration: ""
[7.534s] -- Installing: /home/mrkra/d3bouur/ros2_ws/install/d3bouur_description/share/d3bouur_description/urdf
[7.535s] -- Installing: /home/mrkra/d3bouur/ros2_ws/install/d3bouur_description/share/d3bouur_description/urdf/d3bouur.urdf
[7.535s] -- Installing: /home/mrkra/d3bouur/ros2_ws/install/d3bouur_description/share/d3bouur_description/urdf/d3bouur.urdf.xacro
[7.536s] -- Installing: /home/mrkra/d3bouur/ros2_ws/install/d3bouur_description/share/d3bouur_description/launch
[7.537s] -- Installing: /home/mrkra/d3bouur/ros2_ws/install/d3bouur_description/share/d3bouur_description/launch/display.launch.py
[7.537s] -- Installing: /home/mrkra/d3bouur/ros2_ws/install/d3bouur_description/share/ament_index/resource_index/package_run_dependencies/d3bouur_description
[7.538s] -- Installing: /home/mrkra/d3bouur/ros2_ws/install/d3bouur_description/share/ament_index/resource_index/parent_prefix_path/d3bouur_description
[7.538s] -- Installing: /home/mrkra/d3bouur/ros2_ws/install/d3bouur_description/share/d3bouur_description/environment/ament_prefix_path.sh
[7.538s] -- Installing: /home/mrkra/d3bouur/ros2_ws/install/d3bouur_description/share/d3bouur_description/environment/ament_prefix_path.dsv
[7.539s] -- Installing: /home/mrkra/d3bouur/ros2_ws/install/d3bouur_description/share/d3bouur_description/environment/path.sh
[7.539s] -- Installing: /home/mrkra/d3bouur/ros2_ws/install/d3bouur_description/share/d3bouur_description/environment/path.dsv
[7.539s] -- Installing: /home/mrkra/d3bouur/ros2_ws/install/d3bouur_description/share/d3bouur_description/local_setup.bash
[7.539s] -- Installing: /home/mrkra/d3bouur/ros2_ws/install/d3bouur_description/share/d3bouur_description/local_setup.sh
[7.539s] -- Installing: /home/mrkra/d3bouur/ros2_ws/install/d3bouur_description/share/d3bouur_description/local_setup.zsh
[7.540s] -- Installing: /home/mrkra/d3bouur/ros2_ws/install/d3bouur_description/share/d3bouur_description/local_setup.dsv
[7.540s] -- Installing: /home/mrkra/d3bouur/ros2_ws/install/d3bouur_description/share/d3bouur_description/package.dsv
[7.540s] -- Installing: /home/mrkra/d3bouur/ros2_ws/install/d3bouur_description/share/ament_index/resource_index/packages/d3bouur_description
[7.540s] -- Installing: /home/mrkra/d3bouur/ros2_ws/install/d3bouur_description/share/d3bouur_description/cmake/d3bouur_descriptionConfig.cmake
[7.540s] -- Installing: /home/mrkra/d3bouur/ros2_ws/install/d3bouur_description/share/d3bouur_description/cmake/d3bouur_descriptionConfig-version.cmake
[7.541s] -- Installing: /home/mrkra/d3bouur/ros2_ws/install/d3bouur_description/share/d3bouur_description/package.xml
[7.542s] Invoked command in '/home/mrkra/d3bouur/ros2_ws/build/d3bouur_description' returned '0': CMAKE_PREFIX_PATH=${CMAKE_PREFIX_PATH}:/opt/ros/jazzy /usr/bin/cmake --install /home/mrkra/d3bouur/ros2_ws/build/d3bouur_description
